// Jest Snapshot v1, https://goo.gl/fbAQLP

exports[`Pruebas en <GifGridItem > Deber√≠a de mostrar <PrimeraApp /> correctament  1`] = `
<div
  className="card animate__animated animate__fadeInLeftBig"
>
  <img
    alt="un titulo"
    src="https://localhost/algo.jpg"
  />
  <p>
    un titulo
  </p>
</div>
`;
