// Jest Snapshot v1, https://goo.gl/fbAQLP

exports[`Pruebas con GifGrid component Deber√≠a de mostrar <GifGrid /> correctamente 1`] = `
<Fragment>
  <h3
    className="animate__animated animate__fadeInLeftBig"
  >
    Dragon ball z
  </h3>
  <p
    className="animate__animated animate__flash"
  >
    Loading
  </p>
  <div
    className="card-grid"
  />
</Fragment>
`;
